---
source: tests/shims_test.rs
assertion_line: 7
expression: "std :: fs ::\nread_to_string(sandbox.path().join(\".proto/shims/registry.json\")).unwrap()"
---
{
  "dart": {
    "alt_bin": true,
    "parent": "flutter-test"
  },
  "flutter": {}
}
